Command: /home/barbossa/.espressif/python_env/idf6.1_py3.14_env/bin/python /home/barbossa/esp/esp-idf/tools/idf_monitor.py -p /dev/ttyACM0 -b 115200 --toolchain-prefix xtensa-esp32-elf- --target esp32 --revision 0 /home/barbossa/esp/blinking_led/build/blinking_led.elf /home/barbossa/esp/blinking_led/build/bootloader/bootloader.elf -m '/home/barbossa/.espressif/python_env/idf6.1_py3.14_env/bin/python' '/home/barbossa/esp/esp-idf/tools/idf.py' '-p' '/dev/ttyACM0'
�JB���}����� At 3FFAE6E0 len 00001920 (6 KiB): DRAM
[0;32mI (219) heap_in�ets Jul 29 2019 12:21:46[0m

rst:0x1 (POWERON_RESET),boot:0x13 (SPI_FAST_FLASH_BOOT)
configsip: 0, SPIWP:0xee
clk_drv:0x00,q_drv:0x00,d_drv:0x00,cs0_drv:0x00,hd_drv:0x00,wp_drv:0x00
mode:DIO, clock div:2
load:0x3fff0040,len:6272
load:0x40078000,len:15848
load:0x40080400,len:3920
entry 0x40080644
[0;32mI (27) boot: ESP-IDF v6.1-dev-2938-g12f36a021f 2nd stage bootloader[0m
[0;32mI (27) boot: compile time Mar 15 2026 12:45:05[0m
[0;32mI (28) boot: Multicore bootloader[0m
[0;32mI (30) boot: chip revision: v3.1[0m
[0;32mI (33) boot.esp32: SPI Speed      : 40MHz[0m
[0;32mI (37) boot.esp32: SPI Mode       : DIO[0m
[0;32mI (40) boot.esp32: SPI Flash Size : 2MB[0m
[0;32mI (44) boot: Enabling RNG early entropy source...[0m
[0;32mI (49) boot: Partition Table:[0m
[0;32mI (51) boot: ## Label            Usage          Type ST Offset   Length[0m
[0;32mI (57) boot:  0 nvs              WiFi data        01 02 00009000 00006000[0m
[0;32mI (64) boot:  1 phy_init         RF data          01 01 0000f000 00001000[0m
[0;32mI (71) boot:  2 factory          factory app      00 00 00010000 00100000[0m
[0;32mI (77) boot: End of partition table[0m
[0;32mI (80) esp_image: segment 0: paddr=00010020 vaddr=3f400020 size=084a0h ( 33952) map[0m
[0;32mI (100) esp_image: segment 1: paddr=000184c8 vaddr=3ffb0000 size=029fch ( 10748) load[0m
[0;32mI (104) esp_image: segment 2: paddr=0001aecc vaddr=40080000 size=0514ch ( 20812) load[0m
[0;32mI (113) esp_image: segment 3: paddr=00020020 vaddr=400d0020 size=0bf64h ( 48996) map[0m
[0;32mI (131) esp_image: segment 4: paddr=0002bf8c vaddr=4008514c size=059dch ( 23004) load[0m
[0;32mI (141) esp_image: segment 5: paddr=00031970 vaddr=50000000 size=00028h (    40) load[0m
[0;32mI (147) boot: Loaded app from partition at offset 0x10000[0m
[0;32mI (147) boot: Disabling RNG early entropy source...[0m
[0;32mI (159) cpu_start: Multicore app[0m
[0;32mI (167) cpu_start: GPIO 3 and 1 are used as console UART I/O pins[0m
[0;32mI (168) cpu_start: Pro cpu start user code[0m
[0;32mI (168) cpu_start: cpu freq: 160000000 Hz[0m
[0;32mI (170) app_init: Application information:[0m
[0;32mI (173) app_init: Project name:     blinking_led[0m
[0;32mI (178) app_init: App version:      1[0m
[0;32mI (181) app_init: Compile time:     Mar 15 2026 12:45:02[0m
[0;32mI (186) app_init: ELF file SHA256:  3859c96b7...[0m
[0;32mI (190) app_init: ESP-IDF:          v6.1-dev-2938-g12f36a021f[0m
[0;32mI (196) efuse_init: Min chip rev:     v0.0[0m
[0;32mI (200) efuse_init: Max chip rev:     v3.99 [0m
[0;32mI (204) efuse_init: Chip rev:         v3.1[0m
[0;32mI (208) heap_init: Initializing. RAM available for dynamic allocation:[0m
[0;32mI (214) heap_init: At 3FFAE6E0 len 00001920 (6 KiB): DRAM[0m
[0;32mI (219) heap_init: At 3FFB33A0 len 0002CC60 (179 KiB): DRAM[0m
[0;32mI (224) heap_init: At 3FFE0440 len 00003AE0 (14 KiB): D/IRAM[0m
[0;32mI (230) heap_init: At 3FFE4350 len 0001BCB0 (111 KiB): D/IRAM[0m
[0;32mI (235) heap_init: At 4008AB28 len 000154D8 (85 KiB): IRAM[0m
[0;33mW (241) spi_flash: Detected boya flash chip but using generic driver. For optimal functionality, enable `SPI_FLASH_SUPPORT_BOYA_CHIP` in menuconfig[0m
[0;32mI (253) spi_flash: detected chip: generic[0m
[0;32mI (257) spi_flash: flash io: dio[0m
[0;33mW (260) spi_flash: Detected size(4096k) larger than the size in the binary image header(2048k). Using the size in the binary image header.[0m
[0;32mI (273) main_task: Started on CPU0[0m
[0;32mI (283) main_task: Calling app_main()[0m
[1;31mE (5283) task_wdt: Task watchdog got triggered. The following tasks/users did not reset the watchdog in time:[0m
[1;31mE (5283) task_wdt:  - IDLE0 (CPU 0)[0m
[1;31mE (5283) task_wdt: Tasks currently running:[0m
[1;31mE (5283) task_wdt: CPU 0: main[0m
[1;31mE (5283) task_wdt: CPU 1: IDLE1[0m
[1;31mE (5283) task_wdt: Print CPU 0 (current core) backtrace[0m


Backtrace: 0x400D6B4A:0x3FFB11D0 0x400D6F1C:0x3FFB11F0 0x40082CB1:0x3FFB1220 0x400D57F6:0x3FFB4640 0x400D5820:0x3FFB4660 0x400D3842:0x3FFB4680 0x400D9ED9:0x3FFB46B0

[1;31mE (10283) task_wdt: Task watchdog got triggered. The following tasks/users did not reset the watchdog in time:[0m
[1;31mE (10283) task_wdt:  - IDLE0 (CPU 0)[0m
[1;31mE (10283) task_wdt: Tasks currently running:[0m
[1;31mE (10283) task_wdt: CPU 0: main[0m
[1;31mE (10283) task_wdt: CPU 1: IDLE1[0m
[1;31mE (10283) task_wdt: Print CPU 0 (current core) backtrace[0m


Backtrace: 0x400D6B4A:0x3FFB11D0 0x400D6F1C:0x3FFB11F0 0x40082CB1:0x3FFB1220 0x400D57F6:0x3FFB4640 0x400D582E:0x3FFB4660 0x400D3842:0x3FFB4680 0x400D9ED9:0x3FFB46B0

[1;31mE (15283) task_wdt: Task watchdog got triggered. The following tasks/users did not reset the watchdog in time:[0m
[1;31mE (15283) task_wdt:  - IDLE0 (CPU 0)[0m
[1;31mE (15283) task_wdt: Tasks currently running:[0m
[1;31mE (15283) task_wdt: CPU 0: main[0m
[1;31mE (15283) task_wdt: CPU 1: IDLE1[0m
[1;31mE (15283) task_wdt: Print CPU 0 (current core) backtrace[0m


Backtrace: 0x400D6B4A:0x3FFB11D0 0x400D6F1C:0x3FFB11F0 0x40082CB1:0x3FFB1220 0x400D921C:0x3FFB4620 0x400D57F9:0x3FFB4640 0x400D582E:0x3FFB4660 0x400D3842:0x3FFB4680 0x400D9ED9:0x3FFB46B0

[1;31mE (20283) task_wdt: Task watchdog got triggered. The following tasks/users did not reset the watchdog in time:[0m
[1;31mE (20283) task_wdt:  - IDLE0 (CPU 0)[0m
[1;31mE (20283) task_wdt: Tasks currently running:[0m
[1;31mE (20283) task_wdt: CPU 0: main[0m
[1;31mE (20283) task_wdt: CPU 1: IDLE1[0m
[1;31mE (20283) task_wdt: Print CPU 0 (current core) backtrace[0m


Backtrace: 0x400D6B4A:0x3FFB11D0 0x400D6F1C:0x3FFB11F0 0x40082CB1:0x3FFB1220 0x400D921C:0x3FFB4620 0x400D57F9:0x3FFB4640 0x400D5820:0x3FFB4660 0x400D3842:0x3FFB4680 0x400D9ED9:0x3FFB46B0

[1;31mE (25283) task_wdt: Task watchdog got triggered. The following tasks/users did not reset the watchdog in time:[0m
[1;31mE (25283) task_wdt:  - IDLE0 (CPU 0)[0m
[1;31mE (25283) task_wdt: Tasks currently running:[0m
[1;31mE (25283) task_wdt: CPU 0: main[0m
[1;31mE (25283) task_wdt: CPU 1: IDLE1[0m
[1;31mE (25283) task_wdt: Print CPU 0 (current core) backtrace[0m


Backtrace: 0x400D6B4A:0x3FFB11D0 0x400D6F1C:0x3FFB11F0 0x40082CB1:0x3FFB1220 0x400D921C:0x3FFB4620 0x400D57F9:0x3FFB4640 0x400D582E:0x3FFB4660 0x400D3842:0x3FFB4680 0x400D9ED9:0x3FFB46B0

